// Jest Snapshot v1, https://goo.gl/fbAQLP

exports[`Should render ExpenseDashboardPage correctly 1`] = `
<div>
  404! 
  <Link
    to="/"
  >
    Home
  </Link>
</div>
`;
